Invalid Lookup Table Record: (Bad Format) 25,TCP, 
Invalid Lookup Table Record: (Invalid Protocol Name) 7000,upd,email
Invalid Lookup Table Record: (Invalid Protocol Number) 800000,upd,email
Invalid Flow Log Record: (Invalid Protocol Number) 2 123456789012 eni-5e6f7g8h 192.168.1.101 198.51.100.3 99 49155 300 300 8000 1620140761 1620140821 ACCEPT OK
Invalid Flow Log Record: (Invalid Protocol Number) 2 123456789012 eni-6m7n8o9p 10.0.2.200 198.51.100.4 143 49158 300 18 14000 1620140761 1620140821 ACCEPT OK
Invalid Flow Log Record: (Port Number Out of Range) 2 123456789012 eni-1a2b3c4d 203.0.113.12 192.168.0.1 80 102214 6 12 6000 1620140661 1620140721 ACCEPT OK
Invalid Flow Log Record: (Bad Format) 2 123456789012 eni-2d2e2f3g 192.168.2.7 77.88.55.80 49153 993 6 7 3500 1620140661 1620140721 ACCEPT NODATA OK
Invalid Flow Log Record: (Bad Format) 2 123456789012 eni-4h5i6j7k 172.16.0.2 192.0.2.146 49153 143 6 9 4500 1620140661 1620140721 ACCEPT 
Invalid Lookup Table Record: (Bad Format) 25,TCP, 
Invalid Lookup Table Record: (Invalid Protocol Name) 7000,upd,email
Invalid Lookup Table Record: (Invalid Protocol Number) 800000,upd,email
Invalid Flow Log Record: (Invalid Protocol Number) 2 123456789012 eni-5e6f7g8h 192.168.1.101 198.51.100.3 99 49155 300 300 8000 1620140761 1620140821 ACCEPT OK
Invalid Flow Log Record: (Invalid Protocol Number) 2 123456789012 eni-6m7n8o9p 10.0.2.200 198.51.100.4 143 49158 300 18 14000 1620140761 1620140821 ACCEPT OK
Invalid Flow Log Record: (Port Number Out of Range) 2 123456789012 eni-1a2b3c4d 203.0.113.12 192.168.0.1 80 102214 6 12 6000 1620140661 1620140721 ACCEPT OK
Invalid Flow Log Record: (Bad Format) 2 123456789012 eni-2d2e2f3g 192.168.2.7 77.88.55.80 49153 993 6 7 3500 1620140661 1620140721 ACCEPT NODATA OK
Invalid Flow Log Record: (Bad Format) 2 123456789012 eni-4h5i6j7k 172.16.0.2 192.0.2.146 49153 143 6 9 4500 1620140661 1620140721 ACCEPT 
